// Jest Snapshot v1, https://goo.gl/fbAQLP

exports[`Test weather forecast list render data 1`] = `
<RCTScrollView
  data={
    Array [
      Object {
        "forecast": "Cloudy",
        "latitude": 1,
        "longitude": 1,
        "name": "data1",
      },
      Object {
        "forecast": "Partly Cloudy (Day)",
        "latitude": 1.1,
        "longitude": 1.1,
        "name": "data2",
      },
      Object {
        "forecast": "Partly Cloudy (Night)",
        "latitude": 1.2,
        "longitude": 1.2,
        "name": "data3",
      },
      Object {
        "forecast": "Moderate Rain",
        "latitude": 1.3,
        "longitude": 1.3,
        "name": "data4",
      },
      Object {
        "forecast": "Light Rain",
        "latitude": 1.4,
        "longitude": 1.4,
        "name": "data5",
      },
      Object {
        "forecast": "Light Showers",
        "latitude": 1.5,
        "longitude": 1.5,
        "name": "data6",
      },
      Object {
        "forecast": "Showers",
        "latitude": 1.5,
        "longitude": 1.5,
        "name": "data7",
      },
      Object {
        "forecast": "Thundery Showers",
        "latitude": 1.5,
        "longitude": 1.5,
        "name": "data8",
      },
      Object {
        "forecast": "unknown text",
        "latitude": 1.5,
        "longitude": 1.5,
        "name": "data9",
      },
    ]
  }
  disableVirtualization={false}
  getItem={[Function]}
  getItemCount={[Function]}
  horizontal={false}
  initialNumToRender={10}
  keyExtractor={[Function]}
  maxToRenderPerBatch={10}
  numColumns={1}
  onContentSizeChange={[Function]}
  onEndReachedThreshold={2}
  onLayout={[Function]}
  onMomentumScrollEnd={[Function]}
  onScroll={[Function]}
  onScrollBeginDrag={[Function]}
  onScrollEndDrag={[Function]}
  renderItem={[Function]}
  scrollEventThrottle={50}
  stickyHeaderIndices={Array []}
  styles={
    Object {
      "flex": 1,
    }
  }
  updateCellsBatchingPeriod={50}
  viewabilityConfigCallbackPairs={Array []}
  windowSize={21}
>
  <View>
    <View
      onLayout={[Function]}
      style={null}
    >
      <View
        style={
          Object {
            "alignItems": "center",
            "flex": 1,
            "flexDirection": "column",
            "padding": 8,
          }
        }
      >
        <Image
          source={
            Object {
              "uri": "Cloudy",
            }
          }
          style={
            Object {
              "height": 50,
              "width": 50,
            }
          }
        />
        <Text
          accessible={true}
          allowFontScaling={true}
          ellipsizeMode="tail"
          style={
            Object {
              "flex": 1,
              "padding": 8,
              "textAlign": "center",
            }
          }
        >
          data1
        </Text>
      </View>
    </View>
    <View
      onLayout={[Function]}
      style={null}
    >
      <View
        style={
          Object {
            "alignItems": "center",
            "flex": 1,
            "flexDirection": "column",
            "padding": 8,
          }
        }
      >
        <Image
          source={
            Object {
              "uri": "Partly Cloudy (Day)",
            }
          }
          style={
            Object {
              "height": 50,
              "width": 50,
            }
          }
        />
        <Text
          accessible={true}
          allowFontScaling={true}
          ellipsizeMode="tail"
          style={
            Object {
              "flex": 1,
              "padding": 8,
              "textAlign": "center",
            }
          }
        >
          data2
        </Text>
      </View>
    </View>
    <View
      onLayout={[Function]}
      style={null}
    >
      <View
        style={
          Object {
            "alignItems": "center",
            "flex": 1,
            "flexDirection": "column",
            "padding": 8,
          }
        }
      >
        <Image
          source={
            Object {
              "uri": "Partly Cloudy (Night)",
            }
          }
          style={
            Object {
              "height": 50,
              "width": 50,
            }
          }
        />
        <Text
          accessible={true}
          allowFontScaling={true}
          ellipsizeMode="tail"
          style={
            Object {
              "flex": 1,
              "padding": 8,
              "textAlign": "center",
            }
          }
        >
          data3
        </Text>
      </View>
    </View>
    <View
      onLayout={[Function]}
      style={null}
    >
      <View
        style={
          Object {
            "alignItems": "center",
            "flex": 1,
            "flexDirection": "column",
            "padding": 8,
          }
        }
      >
        <Image
          source={
            Object {
              "uri": "Moderate Rain",
            }
          }
          style={
            Object {
              "height": 50,
              "width": 50,
            }
          }
        />
        <Text
          accessible={true}
          allowFontScaling={true}
          ellipsizeMode="tail"
          style={
            Object {
              "flex": 1,
              "padding": 8,
              "textAlign": "center",
            }
          }
        >
          data4
        </Text>
      </View>
    </View>
    <View
      onLayout={[Function]}
      style={null}
    >
      <View
        style={
          Object {
            "alignItems": "center",
            "flex": 1,
            "flexDirection": "column",
            "padding": 8,
          }
        }
      >
        <Image
          source={
            Object {
              "uri": "Light Rain",
            }
          }
          style={
            Object {
              "height": 50,
              "width": 50,
            }
          }
        />
        <Text
          accessible={true}
          allowFontScaling={true}
          ellipsizeMode="tail"
          style={
            Object {
              "flex": 1,
              "padding": 8,
              "textAlign": "center",
            }
          }
        >
          data5
        </Text>
      </View>
    </View>
    <View
      onLayout={[Function]}
      style={null}
    >
      <View
        style={
          Object {
            "alignItems": "center",
            "flex": 1,
            "flexDirection": "column",
            "padding": 8,
          }
        }
      >
        <Image
          source={
            Object {
              "uri": "Light Showers",
            }
          }
          style={
            Object {
              "height": 50,
              "width": 50,
            }
          }
        />
        <Text
          accessible={true}
          allowFontScaling={true}
          ellipsizeMode="tail"
          style={
            Object {
              "flex": 1,
              "padding": 8,
              "textAlign": "center",
            }
          }
        >
          data6
        </Text>
      </View>
    </View>
    <View
      onLayout={[Function]}
      style={null}
    >
      <View
        style={
          Object {
            "alignItems": "center",
            "flex": 1,
            "flexDirection": "column",
            "padding": 8,
          }
        }
      >
        <Image
          source={
            Object {
              "uri": "Showers",
            }
          }
          style={
            Object {
              "height": 50,
              "width": 50,
            }
          }
        />
        <Text
          accessible={true}
          allowFontScaling={true}
          ellipsizeMode="tail"
          style={
            Object {
              "flex": 1,
              "padding": 8,
              "textAlign": "center",
            }
          }
        >
          data7
        </Text>
      </View>
    </View>
    <View
      onLayout={[Function]}
      style={null}
    >
      <View
        style={
          Object {
            "alignItems": "center",
            "flex": 1,
            "flexDirection": "column",
            "padding": 8,
          }
        }
      >
        <Image
          source={
            Object {
              "uri": "Thundery Showers",
            }
          }
          style={
            Object {
              "height": 50,
              "width": 50,
            }
          }
        />
        <Text
          accessible={true}
          allowFontScaling={true}
          ellipsizeMode="tail"
          style={
            Object {
              "flex": 1,
              "padding": 8,
              "textAlign": "center",
            }
          }
        >
          data8
        </Text>
      </View>
    </View>
    <View
      onLayout={[Function]}
      style={null}
    >
      <View
        style={
          Object {
            "alignItems": "center",
            "flex": 1,
            "flexDirection": "column",
            "padding": 8,
          }
        }
      >
        <Image
          source={
            Object {
              "uri": "unknown text",
            }
          }
          style={
            Object {
              "height": 50,
              "width": 50,
            }
          }
        />
        <Text
          accessible={true}
          allowFontScaling={true}
          ellipsizeMode="tail"
          style={
            Object {
              "flex": 1,
              "padding": 8,
              "textAlign": "center",
            }
          }
        >
          data9
        </Text>
      </View>
    </View>
  </View>
</RCTScrollView>
`;

exports[`Test weather forecast list renders empty 1`] = `
<RCTScrollView
  disableVirtualization={false}
  getItem={[Function]}
  getItemCount={[Function]}
  horizontal={false}
  initialNumToRender={10}
  keyExtractor={[Function]}
  maxToRenderPerBatch={10}
  numColumns={1}
  onContentSizeChange={[Function]}
  onEndReachedThreshold={2}
  onLayout={[Function]}
  onMomentumScrollEnd={[Function]}
  onScroll={[Function]}
  onScrollBeginDrag={[Function]}
  onScrollEndDrag={[Function]}
  renderItem={[Function]}
  scrollEventThrottle={50}
  stickyHeaderIndices={Array []}
  styles={
    Object {
      "flex": 1,
    }
  }
  updateCellsBatchingPeriod={50}
  viewabilityConfigCallbackPairs={Array []}
  windowSize={21}
>
  <View />
</RCTScrollView>
`;
